// Jest Snapshot v1, https://goo.gl/fbAQLP

exports[`vehicle_card should match snapshot 1`] = `
<div
  className="vehicle-card"
>
  <h3>
    Name: 
    car
  </h3>
  <p>
    Model: 
    ford
  </p>
  <p>
    Class: 
    car
  </p>
  <p>
    Passengers: 
    4
  </p>
</div>
`;
