// Jest Snapshot v1, https://goo.gl/fbAQLP

exports[`vehicles_container should match snapshot 1`] = `
<div
  className="vehicles-container"
/>
`;
