// Jest Snapshot v1, https://goo.gl/fbAQLP

exports[`app should have a snapshot 1`] = `
<div
  className="App"
>
  <Intro
    exitIntro={[Function]}
  />
</div>
`;
